0 verbose cli /data/data/com.termux/files/usr/bin/node /data/data/com.termux/files/usr/lib/node_modules/npm/bin/npm-cli.js
1 info using npm@11.19.0
2 info using node@v26.4.0
3 silly config load:file:/data/data/com.termux/files/usr/lib/node_modules/npm/npmrc
4 silly config load:file:/data/data/com.termux/files/home/stakick-bot/.npmrc
5 silly config load:file:/data/data/com.termux/files/home/.npmrc
6 silly config load:file:/data/data/com.termux/files/usr/etc/npmrc
7 verbose title npm exec wrangler --version
8 verbose argv "exec" "--" "wrangler" "--version"
9 verbose logfile logs-max:10 dir:/data/data/com.termux/files/home/.npm/_logs/2026-08-08T19_18_59_495Z-
10 verbose logfile /data/data/com.termux/files/home/.npm/_logs/2026-08-08T19_18_59_495Z-debug-0.log
11 silly logfile done cleaning log files
12 silly packumentCache heap:834404352 maxSize:208601088 maxEntrySize:104300544
13 http fetch GET 200 https://registry.npmjs.org/wrangler 19894ms (cache miss)
14 silly packumentCache heap:834404352 maxSize:208601088 maxEntrySize:104300544
15 silly packumentCache heap:834404352 maxSize:208601088 maxEntrySize:104300544
16 silly idealTree buildDeps
17 silly fetch manifest wrangler@4.120.0
18 silly packumentCache full:https://registry.npmjs.org/wrangler cache-miss
19 http cache https://registry.npmjs.org/wrangler 756ms (cache hit)
20 silly packumentCache full:https://registry.npmjs.org/wrangler set size:29570013 disposed:false
21 silly fetch manifest @cloudflare/workers-types@^5.20260801.1
22 silly packumentCache full:https://registry.npmjs.org/@cloudflare%2fworkers-types cache-miss
23 http fetch GET 200 https://registry.npmjs.org/@cloudflare%2fworkers-types 574ms (cache revalidated)
24 silly packumentCache full:https://registry.npmjs.org/@cloudflare%2fworkers-types set size:1828549 disposed:false
25 silly placeDep ROOT wrangler@4.120.0 OK for:  want: 4.120.0
26 silly fetch manifest unenv@2.0.0-rc.24
27 silly packumentCache full:https://registry.npmjs.org/unenv cache-miss
28 silly fetch manifest esbuild@0.28.1
29 silly packumentCache full:https://registry.npmjs.org/esbuild cache-miss
30 silly fetch manifest workerd@1.20260801.1
31 silly packumentCache full:https://registry.npmjs.org/workerd cache-miss
32 silly fetch manifest miniflare@5.20260801.1-alpha
33 silly packumentCache full:https://registry.npmjs.org/miniflare cache-miss
34 silly fetch manifest blake3-wasm@2.1.5
35 silly packumentCache full:https://registry.npmjs.org/blake3-wasm cache-miss
36 silly fetch manifest path-to-regexp@6.3.0
37 silly packumentCache full:https://registry.npmjs.org/path-to-regexp cache-miss
38 silly fetch manifest @cloudflare/unenv-preset@2.16.1
39 silly packumentCache full:https://registry.npmjs.org/@cloudflare%2funenv-preset cache-miss
40 http fetch GET 200 https://registry.npmjs.org/unenv 286ms (cache revalidated)
41 silly packumentCache full:https://registry.npmjs.org/unenv set size:236480 disposed:false
42 silly fetch manifest @cloudflare/kv-asset-handler@0.5.0
43 silly packumentCache full:https://registry.npmjs.org/@cloudflare%2fkv-asset-handler cache-miss
44 http fetch GET 200 https://registry.npmjs.org/@cloudflare%2fkv-asset-handler 242ms (cache revalidated)
45 silly packumentCache full:https://registry.npmjs.org/@cloudflare%2fkv-asset-handler set size:83933 disposed:false
46 silly fetch manifest fsevents@2.3.3
47 silly packumentCache full:https://registry.npmjs.org/fsevents cache-miss
48 http fetch GET 200 https://registry.npmjs.org/workerd 811ms (cache revalidated)
49 silly packumentCache full:https://registry.npmjs.org/workerd set size:945516 disposed:false
50 http fetch GET 200 https://registry.npmjs.org/esbuild 873ms (cache revalidated)
51 silly packumentCache full:https://registry.npmjs.org/esbuild set size:1259608 disposed:false
52 http fetch GET 200 https://registry.npmjs.org/path-to-regexp 915ms (cache revalidated)
53 silly packumentCache full:https://registry.npmjs.org/path-to-regexp set size:216334 disposed:false
54 http fetch GET 200 https://registry.npmjs.org/@cloudflare%2funenv-preset 960ms (cache revalidated)
55 silly packumentCache full:https://registry.npmjs.org/@cloudflare%2funenv-preset set size:3359983 disposed:false
56 http fetch GET 200 https://registry.npmjs.org/miniflare 1211ms (cache revalidated)
57 silly packumentCache full:https://registry.npmjs.org/miniflare set size:6686386 disposed:false
58 http fetch GET 200 https://registry.npmjs.org/blake3-wasm 1581ms (cache revalidated)
59 silly packumentCache full:https://registry.npmjs.org/blake3-wasm set size:6797 disposed:false
60 http fetch GET 200 https://registry.npmjs.org/fsevents 1044ms (cache revalidated)
61 silly packumentCache full:https://registry.npmjs.org/fsevents set size:182472 disposed:false
62 silly placeDep ROOT @cloudflare/kv-asset-handler@0.5.0 OK for: wrangler@4.120.0 want: 0.5.0
63 silly placeDep ROOT @cloudflare/unenv-preset@2.16.1 OK for: wrangler@4.120.0 want: 2.16.1
64 silly placeDep ROOT unenv@2.0.0-rc.24 OK for: @cloudflare/unenv-preset@2.16.1 want: 2.0.0-rc.24
65 silly placeDep ROOT blake3-wasm@2.1.5 OK for: wrangler@4.120.0 want: 2.1.5
66 silly placeDep ROOT esbuild@0.28.1 OK for: wrangler@4.120.0 want: 0.28.1
67 silly placeDep ROOT fsevents@2.3.3 OK for: wrangler@4.120.0 want: 2.3.3
68 silly placeDep ROOT miniflare@5.20260801.1-alpha OK for: wrangler@4.120.0 want: 5.20260801.1-alpha
69 silly placeDep ROOT path-to-regexp@6.3.0 OK for: wrangler@4.120.0 want: 6.3.0
70 silly placeDep ROOT workerd@1.20260801.1 OK for: wrangler@4.120.0 want: 1.20260801.1
71 silly fetch manifest pathe@^2.0.3
72 silly packumentCache full:https://registry.npmjs.org/pathe cache-miss
73 silly fetch manifest @esbuild/aix-ppc64@0.28.1
74 silly packumentCache full:https://registry.npmjs.org/@esbuild%2faix-ppc64 cache-miss
75 silly fetch manifest @esbuild/android-arm@0.28.1
76 silly packumentCache full:https://registry.npmjs.org/@esbuild%2fandroid-arm cache-miss
77 silly fetch manifest @esbuild/android-arm64@0.28.1
78 silly packumentCache full:https://registry.npmjs.org/@esbuild%2fandroid-arm64 cache-miss
79 silly fetch manifest @esbuild/android-x64@0.28.1
80 silly packumentCache full:https://registry.npmjs.org/@esbuild%2fandroid-x64 cache-miss
81 silly fetch manifest @esbuild/darwin-arm64@0.28.1
82 silly packumentCache full:https://registry.npmjs.org/@esbuild%2fdarwin-arm64 cache-miss
83 silly fetch manifest @esbuild/darwin-x64@0.28.1
84 silly packumentCache full:https://registry.npmjs.org/@esbuild%2fdarwin-x64 cache-miss
85 http fetch GET 200 https://registry.npmjs.org/@esbuild%2faix-ppc64 262ms (cache revalidated)
86 silly packumentCache full:https://registry.npmjs.org/@esbuild%2faix-ppc64 set size:65972 disposed:false
87 silly fetch manifest @esbuild/freebsd-arm64@0.28.1
88 silly packumentCache full:https://registry.npmjs.org/@esbuild%2ffreebsd-arm64 cache-miss
89 http fetch GET 200 https://registry.npmjs.org/pathe 281ms (cache revalidated)
90 silly packumentCache full:https://registry.npmjs.org/pathe set size:68788 disposed:false
91 silly fetch manifest @esbuild/freebsd-x64@0.28.1
92 silly packumentCache full:https://registry.npmjs.org/@esbuild%2ffreebsd-x64 cache-miss
93 http fetch GET 200 https://registry.npmjs.org/@esbuild%2fdarwin-arm64 285ms (cache revalidated)
94 silly packumentCache full:https://registry.npmjs.org/@esbuild%2fdarwin-arm64 set size:199630 disposed:false
95 silly fetch manifest @esbuild/linux-arm@0.28.1
96 silly packumentCache full:https://registry.npmjs.org/@esbuild%2flinux-arm cache-miss
97 http fetch GET 200 https://registry.npmjs.org/@esbuild%2fandroid-arm 309ms (cache revalidated)
98 silly packumentCache full:https://registry.npmjs.org/@esbuild%2fandroid-arm set size:223400 disposed:false
99 silly fetch manifest @esbuild/linux-arm64@0.28.1
100 silly packumentCache full:https://registry.npmjs.org/@esbuild%2flinux-arm64 cache-miss
101 http fetch GET 200 https://registry.npmjs.org/@esbuild%2fandroid-x64 323ms (cache revalidated)
102 silly packumentCache full:https://registry.npmjs.org/@esbuild%2fandroid-x64 set size:197200 disposed:false
103 silly fetch manifest @esbuild/linux-ia32@0.28.1
104 silly packumentCache full:https://registry.npmjs.org/@esbuild%2flinux-ia32 cache-miss
105 http fetch GET 200 https://registry.npmjs.org/@esbuild%2fdarwin-x64 341ms (cache revalidated)
106 silly packumentCache full:https://registry.npmjs.org/@esbuild%2fdarwin-x64 set size:197848 disposed:false
107 silly fetch manifest @esbuild/linux-loong64@0.28.1
108 silly packumentCache full:https://registry.npmjs.org/@esbuild%2flinux-loong64 cache-miss
109 http fetch GET 200 https://registry.npmjs.org/@esbuild%2fandroid-arm64 389ms (cache revalidated)
110 silly packumentCache full:https://registry.npmjs.org/@esbuild%2fandroid-arm64 set size:202366 disposed:false
111 silly fetch manifest @esbuild/linux-mips64el@0.28.1
112 silly packumentCache full:https://registry.npmjs.org/@esbuild%2flinux-mips64el cache-miss
113 http fetch GET 200 https://registry.npmjs.org/@esbuild%2flinux-arm 270ms (cache revalidated)
114 silly packumentCache full:https://registry.npmjs.org/@esbuild%2flinux-arm set size:196784 disposed:false
115 silly fetch manifest @esbuild/linux-ppc64@0.28.1
116 silly packumentCache full:https://registry.npmjs.org/@esbuild%2flinux-ppc64 cache-miss
117 http fetch GET 200 https://registry.npmjs.org/@esbuild%2ffreebsd-arm64 319ms (cache revalidated)
118 silly packumentCache full:https://registry.npmjs.org/@esbuild%2ffreebsd-arm64 set size:200534 disposed:false
119 silly fetch manifest @esbuild/linux-riscv64@0.28.1
120 silly packumentCache full:https://registry.npmjs.org/@esbuild%2flinux-riscv64 cache-miss
121 http fetch GET 200 https://registry.npmjs.org/@esbuild%2ffreebsd-x64 387ms (cache revalidated)
122 silly packumentCache full:https://registry.npmjs.org/@esbuild%2ffreebsd-x64 set size:198734 disposed:false
123 silly fetch manifest @esbuild/linux-s390x@0.28.1
124 silly packumentCache full:https://registry.npmjs.org/@esbuild%2flinux-s390x cache-miss
125 http fetch GET 200 https://registry.npmjs.org/@esbuild%2flinux-arm64 367ms (cache revalidated)
126 silly packumentCache full:https://registry.npmjs.org/@esbuild%2flinux-arm64 set size:198939 disposed:false
127 silly fetch manifest @esbuild/linux-x64@0.28.1
128 silly packumentCache full:https://registry.npmjs.org/@esbuild%2flinux-x64 cache-miss
129 http fetch GET 200 https://registry.npmjs.org/@esbuild%2flinux-loong64 342ms (cache revalidated)
130 silly packumentCache full:https://registry.npmjs.org/@esbuild%2flinux-loong64 set size:253896 disposed:false
131 silly fetch manifest @esbuild/netbsd-arm64@0.28.1
132 silly packumentCache full:https://registry.npmjs.org/@esbuild%2fnetbsd-arm64 cache-miss
133 http fetch GET 200 https://registry.npmjs.org/@esbuild%2flinux-mips64el 321ms (cache revalidated)
134 silly packumentCache full:https://registry.npmjs.org/@esbuild%2flinux-mips64el set size:202764 disposed:false
135 silly fetch manifest @esbuild/netbsd-x64@0.28.1
136 silly packumentCache full:https://registry.npmjs.org/@esbuild%2fnetbsd-x64 cache-miss
137 http fetch GET 200 https://registry.npmjs.org/@esbuild%2flinux-ia32 403ms (cache revalidated)
138 silly packumentCache full:https://registry.npmjs.org/@esbuild%2flinux-ia32 set size:197805 disposed:false
139 silly fetch manifest @esbuild/openbsd-arm64@0.28.1
140 silly packumentCache full:https://registry.npmjs.org/@esbuild%2fopenbsd-arm64 cache-miss
141 http fetch GET 200 https://registry.npmjs.org/@esbuild%2fnetbsd-arm64 253ms (cache revalidated)
142 silly packumentCache full:https://registry.npmjs.org/@esbuild%2fnetbsd-arm64 set size:42467 disposed:false
143 silly fetch manifest @esbuild/openbsd-x64@0.28.1
144 silly packumentCache full:https://registry.npmjs.org/@esbuild%2fopenbsd-x64 cache-miss
145 http fetch GET 200 https://registry.npmjs.org/@esbuild%2flinux-ppc64 402ms (cache revalidated)
146 silly packumentCache full:https://registry.npmjs.org/@esbuild%2flinux-ppc64 set size:200994 disposed:false
147 silly fetch manifest @esbuild/openharmony-arm64@0.28.1
148 silly packumentCache full:https://registry.npmjs.org/@esbuild%2fopenharmony-arm64 cache-miss
149 http fetch GET 200 https://registry.npmjs.org/@esbuild%2flinux-s390x 318ms (cache revalidated)
150 silly packumentCache full:https://registry.npmjs.org/@esbuild%2flinux-s390x set size:200463 disposed:false
151 silly fetch manifest @esbuild/sunos-x64@0.28.1
152 silly packumentCache full:https://registry.npmjs.org/@esbuild%2fsunos-x64 cache-miss
153 http fetch GET 200 https://registry.npmjs.org/@esbuild%2flinux-riscv64 413ms (cache revalidated)
154 silly packumentCache full:https://registry.npmjs.org/@esbuild%2flinux-riscv64 set size:200662 disposed:false
155 silly fetch manifest @esbuild/win32-arm64@0.28.1
156 silly packumentCache full:https://registry.npmjs.org/@esbuild%2fwin32-arm64 cache-miss
157 http fetch GET 200 https://registry.npmjs.org/@esbuild%2fopenbsd-arm64 290ms (cache revalidated)
158 silly packumentCache full:https://registry.npmjs.org/@esbuild%2fopenbsd-arm64 set size:47792 disposed:false
159 silly fetch manifest @esbuild/win32-ia32@0.28.1
160 silly packumentCache full:https://registry.npmjs.org/@esbuild%2fwin32-ia32 cache-miss
161 http fetch GET 200 https://registry.npmjs.org/@esbuild%2fnetbsd-x64 320ms (cache revalidated)
162 silly packumentCache full:https://registry.npmjs.org/@esbuild%2fnetbsd-x64 set size:195514 disposed:false
163 silly fetch manifest @esbuild/win32-x64@0.28.1
164 silly packumentCache full:https://registry.npmjs.org/@esbuild%2fwin32-x64 cache-miss
165 http fetch GET 200 https://registry.npmjs.org/@esbuild%2flinux-x64 428ms (cache revalidated)
166 silly packumentCache full:https://registry.npmjs.org/@esbuild%2flinux-x64 set size:197126 disposed:false
167 silly fetch manifest ws@8.21.0
168 silly packumentCache full:https://registry.npmjs.org/ws cache-miss
169 http fetch GET 200 https://registry.npmjs.org/@esbuild%2fopenharmony-arm64 335ms (cache revalidated)
170 silly packumentCache full:https://registry.npmjs.org/@esbuild%2fopenharmony-arm64 set size:31189 disposed:false
171 silly fetch manifest sharp@0.35.2
172 silly packumentCache full:https://registry.npmjs.org/sharp cache-miss
173 http fetch GET 200 https://registry.npmjs.org/@esbuild%2fopenbsd-x64 365ms (cache revalidated)
174 silly packumentCache full:https://registry.npmjs.org/@esbuild%2fopenbsd-x64 set size:198745 disposed:false
175 silly fetch manifest youch@4.1.0-beta.10
176 silly packumentCache full:https://registry.npmjs.org/youch cache-miss
177 http fetch GET 200 https://registry.npmjs.org/@esbuild%2fsunos-x64 368ms (cache revalidated)
178 silly packumentCache full:https://registry.npmjs.org/@esbuild%2fsunos-x64 set size:197370 disposed:false
179 silly fetch manifest undici@7.29.0
180 silly packumentCache full:https://registry.npmjs.org/undici cache-miss
181 http fetch GET 200 https://registry.npmjs.org/@esbuild%2fwin32-arm64 403ms (cache revalidated)
182 silly packumentCache full:https://registry.npmjs.org/@esbuild%2fwin32-arm64 set size:199171 disposed:false
183 silly fetch manifest @cspotcode/source-map-support@0.8.1
184 silly packumentCache full:https://registry.npmjs.org/@cspotcode%2fsource-map-support cache-miss
185 http fetch GET 200 https://registry.npmjs.org/@esbuild%2fwin32-ia32 401ms (cache revalidated)
186 silly packumentCache full:https://registry.npmjs.org/@esbuild%2fwin32-ia32 set size:198030 disposed:false
187 silly fetch manifest @cloudflare/workerd-linux-64@1.20260801.1
188 silly packumentCache full:https://registry.npmjs.org/@cloudflare%2fworkerd-linux-64 cache-miss
189 http fetch GET 200 https://registry.npmjs.org/@esbuild%2fwin32-x64 394ms (cache revalidated)
190 silly packumentCache full:https://registry.npmjs.org/@esbuild%2fwin32-x64 set size:195722 disposed:false
191 silly fetch manifest @cloudflare/workerd-darwin-64@1.20260801.1
192 silly packumentCache full:https://registry.npmjs.org/@cloudflare%2fworkerd-darwin-64 cache-miss
193 http fetch GET 200 https://registry.npmjs.org/ws 372ms (cache revalidated)
194 silly packumentCache full:https://registry.npmjs.org/ws set size:447661 disposed:false
195 silly fetch manifest @cloudflare/workerd-windows-64@1.20260801.1
196 silly packumentCache full:https://registry.npmjs.org/@cloudflare%2fworkerd-windows-64 cache-miss
197 http fetch GET 200 https://registry.npmjs.org/youch 318ms (cache revalidated)
198 silly packumentCache full:https://registry.npmjs.org/youch set size:154842 disposed:false
199 silly fetch manifest @cloudflare/workerd-linux-arm64@1.20260801.1
200 silly packumentCache full:https://registry.npmjs.org/@cloudflare%2fworkerd-linux-arm64 cache-miss
201 http fetch GET 200 https://registry.npmjs.org/sharp 360ms (cache revalidated)
202 silly packumentCache full:https://registry.npmjs.org/sharp set size:1201295 disposed:false
203 silly fetch manifest @cloudflare/workerd-darwin-arm64@1.20260801.1
204 silly packumentCache full:https://registry.npmjs.org/@cloudflare%2fworkerd-darwin-arm64 cache-miss
205 http fetch GET 200 https://registry.npmjs.org/@cspotcode%2fsource-map-support 365ms (cache revalidated)
206 silly packumentCache full:https://registry.npmjs.org/@cspotcode%2fsource-map-support set size:30214 disposed:false
207 http fetch GET 200 https://registry.npmjs.org/undici 483ms (cache revalidated)
208 silly packumentCache full:https://registry.npmjs.org/undici set size:1531430 disposed:false
209 http fetch GET 200 https://registry.npmjs.org/@cloudflare%2fworkerd-windows-64 429ms (cache revalidated)
210 silly packumentCache full:https://registry.npmjs.org/@cloudflare%2fworkerd-windows-64 set size:1751467 disposed:false
211 http fetch GET 200 https://registry.npmjs.org/@cloudflare%2fworkerd-linux-64 618ms (cache revalidated)
212 silly packumentCache full:https://registry.npmjs.org/@cloudflare%2fworkerd-linux-64 set size:1843009 disposed:false
213 http fetch GET 200 https://registry.npmjs.org/@cloudflare%2fworkerd-darwin-64 704ms (cache revalidated)
214 silly packumentCache full:https://registry.npmjs.org/@cloudflare%2fworkerd-darwin-64 set size:1843447 disposed:false
215 http fetch GET 200 https://registry.npmjs.org/@cloudflare%2fworkerd-darwin-arm64 825ms (cache revalidated)
216 silly packumentCache full:https://registry.npmjs.org/@cloudflare%2fworkerd-darwin-arm64 set size:1844791 disposed:false
217 http fetch GET 200 https://registry.npmjs.org/@cloudflare%2fworkerd-linux-arm64 1012ms (cache revalidated)
218 silly packumentCache full:https://registry.npmjs.org/@cloudflare%2fworkerd-linux-arm64 set size:1835113 disposed:false
219 silly placeDep ROOT @esbuild/aix-ppc64@0.28.1 OK for: esbuild@0.28.1 want: 0.28.1
220 silly placeDep ROOT @esbuild/android-arm@0.28.1 OK for: esbuild@0.28.1 want: 0.28.1
221 silly placeDep ROOT @esbuild/android-arm64@0.28.1 OK for: esbuild@0.28.1 want: 0.28.1
222 silly placeDep ROOT @esbuild/android-x64@0.28.1 OK for: esbuild@0.28.1 want: 0.28.1
223 silly placeDep ROOT @esbuild/darwin-arm64@0.28.1 OK for: esbuild@0.28.1 want: 0.28.1
224 silly placeDep ROOT @esbuild/darwin-x64@0.28.1 OK for: esbuild@0.28.1 want: 0.28.1
225 silly placeDep ROOT @esbuild/freebsd-arm64@0.28.1 OK for: esbuild@0.28.1 want: 0.28.1
226 silly placeDep ROOT @esbuild/freebsd-x64@0.28.1 OK for: esbuild@0.28.1 want: 0.28.1
227 silly placeDep ROOT @esbuild/linux-arm@0.28.1 OK for: esbuild@0.28.1 want: 0.28.1
228 silly placeDep ROOT @esbuild/linux-arm64@0.28.1 OK for: esbuild@0.28.1 want: 0.28.1
229 silly placeDep ROOT @esbuild/linux-ia32@0.28.1 OK for: esbuild@0.28.1 want: 0.28.1
230 silly placeDep ROOT @esbuild/linux-loong64@0.28.1 OK for: esbuild@0.28.1 want: 0.28.1
231 silly placeDep ROOT @esbuild/linux-mips64el@0.28.1 OK for: esbuild@0.28.1 want: 0.28.1
232 silly placeDep ROOT @esbuild/linux-ppc64@0.28.1 OK for: esbuild@0.28.1 want: 0.28.1
233 silly placeDep ROOT @esbuild/linux-riscv64@0.28.1 OK for: esbuild@0.28.1 want: 0.28.1
234 silly placeDep ROOT @esbuild/linux-s390x@0.28.1 OK for: esbuild@0.28.1 want: 0.28.1
235 silly placeDep ROOT @esbuild/linux-x64@0.28.1 OK for: esbuild@0.28.1 want: 0.28.1
236 silly placeDep ROOT @esbuild/netbsd-arm64@0.28.1 OK for: esbuild@0.28.1 want: 0.28.1
237 silly placeDep ROOT @esbuild/netbsd-x64@0.28.1 OK for: esbuild@0.28.1 want: 0.28.1
238 silly placeDep ROOT @esbuild/openbsd-arm64@0.28.1 OK for: esbuild@0.28.1 want: 0.28.1
239 silly placeDep ROOT @esbuild/openbsd-x64@0.28.1 OK for: esbuild@0.28.1 want: 0.28.1
240 silly placeDep ROOT @esbuild/openharmony-arm64@0.28.1 OK for: esbuild@0.28.1 want: 0.28.1
241 silly placeDep ROOT @esbuild/sunos-x64@0.28.1 OK for: esbuild@0.28.1 want: 0.28.1
242 silly placeDep ROOT @esbuild/win32-arm64@0.28.1 OK for: esbuild@0.28.1 want: 0.28.1
243 silly placeDep ROOT @esbuild/win32-ia32@0.28.1 OK for: esbuild@0.28.1 want: 0.28.1
244 silly placeDep ROOT @esbuild/win32-x64@0.28.1 OK for: esbuild@0.28.1 want: 0.28.1
245 silly fetch manifest bufferutil@^4.0.1
246 silly packumentCache full:https://registry.npmjs.org/bufferutil cache-miss
247 http fetch GET 200 https://registry.npmjs.org/bufferutil 213ms (cache revalidated)
248 silly packumentCache full:https://registry.npmjs.org/bufferutil set size:52668 disposed:false
249 silly fetch manifest utf-8-validate@>=5.0.2
250 silly packumentCache full:https://registry.npmjs.org/utf-8-validate cache-miss
251 http fetch GET 200 https://registry.npmjs.org/utf-8-validate 319ms (cache revalidated)
252 silly packumentCache full:https://registry.npmjs.org/utf-8-validate set size:77012 disposed:false
253 silly placeDep ROOT @cspotcode/source-map-support@0.8.1 OK for: miniflare@5.20260801.1-alpha want: 0.8.1
254 silly placeDep ROOT sharp@0.35.2 OK for: miniflare@5.20260801.1-alpha want: 0.35.2
255 silly placeDep ROOT undici@7.29.0 OK for: miniflare@5.20260801.1-alpha want: 7.29.0
256 silly placeDep ROOT ws@8.21.0 OK for: miniflare@5.20260801.1-alpha want: 8.21.0
257 silly placeDep ROOT youch@4.1.0-beta.10 OK for: miniflare@5.20260801.1-alpha want: 4.1.0-beta.10
258 silly fetch manifest @jridgewell/trace-mapping@0.3.9
259 silly packumentCache full:https://registry.npmjs.org/@jridgewell%2ftrace-mapping cache-miss
260 silly fetch manifest semver@^7.8.4
261 silly packumentCache full:https://registry.npmjs.org/semver cache-miss
262 silly fetch manifest @img/colour@^1.1.0
263 silly packumentCache full:https://registry.npmjs.org/@img%2fcolour cache-miss
264 silly fetch manifest detect-libc@^2.1.2
265 silly packumentCache full:https://registry.npmjs.org/detect-libc cache-miss
266 silly fetch manifest @img/sharp-linux-arm@0.35.2
267 silly packumentCache full:https://registry.npmjs.org/@img%2fsharp-linux-arm cache-miss
268 silly fetch manifest @img/sharp-linux-x64@0.35.2
269 silly packumentCache full:https://registry.npmjs.org/@img%2fsharp-linux-x64 cache-miss
270 silly fetch manifest @img/sharp-win32-x64@0.35.2
271 silly packumentCache full:https://registry.npmjs.org/@img%2fsharp-win32-x64 cache-miss
272 http fetch GET 200 https://registry.npmjs.org/semver 259ms (cache revalidated)
273 silly packumentCache full:https://registry.npmjs.org/semver set size:246069 disposed:false
274 silly fetch manifest @img/sharp-darwin-x64@0.35.2
275 silly packumentCache full:https://registry.npmjs.org/@img%2fsharp-darwin-x64 cache-miss
276 http fetch GET 200 https://registry.npmjs.org/@img%2fsharp-win32-x64 281ms (cache revalidated)
277 silly packumentCache full:https://registry.npmjs.org/@img%2fsharp-win32-x64 set size:103513 disposed:false
278 silly fetch manifest @img/sharp-win32-ia32@0.35.2
279 silly packumentCache full:https://registry.npmjs.org/@img%2fsharp-win32-ia32 cache-miss
280 http fetch GET 200 https://registry.npmjs.org/@img%2fcolour 305ms (cache revalidated)
281 silly packumentCache full:https://registry.npmjs.org/@img%2fcolour set size:9701 disposed:false
282 silly fetch manifest @img/sharp-linux-arm64@0.35.2
283 silly packumentCache full:https://registry.npmjs.org/@img%2fsharp-linux-arm64 cache-miss
284 http fetch GET 200 https://registry.npmjs.org/detect-libc 312ms (cache revalidated)
285 silly packumentCache full:https://registry.npmjs.org/detect-libc set size:47861 disposed:false
286 silly fetch manifest @img/sharp-linux-ppc64@0.35.2
287 silly packumentCache full:https://registry.npmjs.org/@img%2fsharp-linux-ppc64 cache-miss
288 http fetch GET 200 https://registry.npmjs.org/@img%2fsharp-linux-x64 321ms (cache revalidated)
289 silly packumentCache full:https://registry.npmjs.org/@img%2fsharp-linux-x64 set size:102218 disposed:false
290 silly fetch manifest @img/sharp-linux-s390x@0.35.2
291 silly packumentCache full:https://registry.npmjs.org/@img%2fsharp-linux-s390x cache-miss
292 http fetch GET 200 https://registry.npmjs.org/@jridgewell%2ftrace-mapping 362ms (cache revalidated)
293 silly packumentCache full:https://registry.npmjs.org/@jridgewell%2ftrace-mapping set size:170909 disposed:false
294 silly fetch manifest @img/sharp-win32-arm64@0.35.2
295 silly packumentCache full:https://registry.npmjs.org/@img%2fsharp-win32-arm64 cache-miss
296 http fetch GET 200 https://registry.npmjs.org/@img%2fsharp-linux-arm 371ms (cache revalidated)
297 silly packumentCache full:https://registry.npmjs.org/@img%2fsharp-linux-arm set size:102715 disposed:false
298 silly fetch manifest @img/sharp-darwin-arm64@0.35.2
299 silly packumentCache full:https://registry.npmjs.org/@img%2fsharp-darwin-arm64 cache-miss
300 http fetch GET 200 https://registry.npmjs.org/@img%2fsharp-win32-ia32 283ms (cache revalidated)
301 silly packumentCache full:https://registry.npmjs.org/@img%2fsharp-win32-ia32 set size:104482 disposed:false
302 silly fetch manifest @img/sharp-linux-riscv64@0.35.2
303 silly packumentCache full:https://registry.npmjs.org/@img%2fsharp-linux-riscv64 cache-miss
304 http fetch GET 200 https://registry.npmjs.org/@img%2fsharp-linux-arm64 289ms (cache revalidated)
305 silly packumentCache full:https://registry.npmjs.org/@img%2fsharp-linux-arm64 set size:103552 disposed:false
306 silly fetch manifest @img/sharp-linuxmusl-x64@0.35.2
307 silly packumentCache full:https://registry.npmjs.org/@img%2fsharp-linuxmusl-x64 cache-miss
308 http fetch GET 200 https://registry.npmjs.org/@img%2fsharp-linux-ppc64 308ms (cache revalidated)
309 silly packumentCache full:https://registry.npmjs.org/@img%2fsharp-linux-ppc64 set size:68168 disposed:false
310 silly fetch manifest @img/sharp-freebsd-wasm32@0.35.2
311 silly packumentCache full:https://registry.npmjs.org/@img%2fsharp-freebsd-wasm32 cache-miss
312 http fetch GET 200 https://registry.npmjs.org/@img%2fsharp-darwin-x64 363ms (cache revalidated)
313 silly packumentCache full:https://registry.npmjs.org/@img%2fsharp-darwin-x64 set size:104467 disposed:false
314 silly fetch manifest @img/sharp-linuxmusl-arm64@0.35.2
315 silly packumentCache full:https://registry.npmjs.org/@img%2fsharp-linuxmusl-arm64 cache-miss
316 http fetch GET 200 https://registry.npmjs.org/@img%2fsharp-linux-s390x 322ms (cache revalidated)
317 silly packumentCache full:https://registry.npmjs.org/@img%2fsharp-linux-s390x set size:101430 disposed:false
318 silly fetch manifest @img/sharp-libvips-linux-arm@1.3.1
319 silly packumentCache full:https://registry.npmjs.org/@img%2fsharp-libvips-linux-arm cache-miss
320 http fetch GET 200 https://registry.npmjs.org/@img%2fsharp-darwin-arm64 335ms (cache revalidated)
321 silly packumentCache full:https://registry.npmjs.org/@img%2fsharp-darwin-arm64 set size:105848 disposed:false
322 silly fetch manifest @img/sharp-libvips-linux-x64@1.3.1
323 silly packumentCache full:https://registry.npmjs.org/@img%2fsharp-libvips-linux-x64 cache-miss
324 http fetch GET 200 https://registry.npmjs.org/@img%2fsharp-win32-arm64 365ms (cache revalidated)
325 silly packumentCache full:https://registry.npmjs.org/@img%2fsharp-win32-arm64 set size:63462 disposed:false
326 silly fetch manifest @img/sharp-libvips-darwin-x64@1.3.1
327 silly packumentCache full:https://registry.npmjs.org/@img%2fsharp-libvips-darwin-x64 cache-miss
328 http fetch GET 200 https://registry.npmjs.org/@img%2fsharp-linux-riscv64 387ms (cache revalidated)
329 silly packumentCache full:https://registry.npmjs.org/@img%2fsharp-linux-riscv64 set size:45681 disposed:false
330 silly fetch manifest @img/sharp-libvips-linux-arm64@1.3.1
331 silly packumentCache full:https://registry.npmjs.org/@img%2fsharp-libvips-linux-arm64 cache-miss
332 http fetch GET 200 https://registry.npmjs.org/@img%2fsharp-linuxmusl-arm64 335ms (cache revalidated)
333 silly packumentCache full:https://registry.npmjs.org/@img%2fsharp-linuxmusl-arm64 set size:105157 disposed:false
334 silly fetch manifest @img/sharp-libvips-linux-ppc64@1.3.1
335 silly packumentCache full:https://registry.npmjs.org/@img%2fsharp-libvips-linux-ppc64 cache-miss
336 http fetch GET 200 https://registry.npmjs.org/@img%2fsharp-freebsd-wasm32 365ms (cache revalidated)
337 silly packumentCache full:https://registry.npmjs.org/@img%2fsharp-freebsd-wasm32 set size:42729 disposed:false
338 silly fetch manifest @img/sharp-libvips-linux-s390x@1.3.1
339 silly packumentCache full:https://registry.npmjs.org/@img%2fsharp-libvips-linux-s390x cache-miss
340 http fetch GET 200 https://registry.npmjs.org/@img%2fsharp-libvips-darwin-x64 274ms (cache revalidated)
341 silly packumentCache full:https://registry.npmjs.org/@img%2fsharp-libvips-darwin-x64 set size:83096 disposed:false
342 silly fetch manifest @img/sharp-libvips-darwin-arm64@1.3.1
343 silly packumentCache full:https://registry.npmjs.org/@img%2fsharp-libvips-darwin-arm64 cache-miss
344 http fetch GET 200 https://registry.npmjs.org/@img%2fsharp-linuxmusl-x64 421ms (cache revalidated)
345 silly packumentCache full:https://registry.npmjs.org/@img%2fsharp-linuxmusl-x64 set size:103818 disposed:false
346 silly fetch manifest @img/sharp-webcontainers-wasm32@0.35.2
347 silly packumentCache full:https://registry.npmjs.org/@img%2fsharp-webcontainers-wasm32 cache-miss
348 http fetch GET 200 https://registry.npmjs.org/@img%2fsharp-libvips-linux-arm 372ms (cache revalidated)
349 silly packumentCache full:https://registry.npmjs.org/@img%2fsharp-libvips-linux-arm set size:90480 disposed:false
350 silly fetch manifest @img/sharp-libvips-linux-riscv64@1.3.1
351 silly packumentCache full:https://registry.npmjs.org/@img%2fsharp-libvips-linux-riscv64 cache-miss
352 http fetch GET 200 https://registry.npmjs.org/@img%2fsharp-libvips-linux-x64 336ms (cache revalidated)
353 silly packumentCache full:https://registry.npmjs.org/@img%2fsharp-libvips-linux-x64 set size:86327 disposed:false
354 silly fetch manifest @img/sharp-libvips-linuxmusl-x64@1.3.1
355 silly packumentCache full:https://registry.npmjs.org/@img%2fsharp-libvips-linuxmusl-x64 cache-miss
356 http fetch GET 200 https://registry.npmjs.org/@img%2fsharp-libvips-linux-ppc64 269ms (cache revalidated)
357 silly packumentCache full:https://registry.npmjs.org/@img%2fsharp-libvips-linux-ppc64 set size:72601 disposed:false
358 silly fetch manifest @img/sharp-libvips-linuxmusl-arm64@1.3.1
359 silly packumentCache full:https://registry.npmjs.org/@img%2fsharp-libvips-linuxmusl-arm64 cache-miss
360 http fetch GET 200 https://registry.npmjs.org/@img%2fsharp-libvips-darwin-arm64 262ms (cache revalidated)
361 silly packumentCache full:https://registry.npmjs.org/@img%2fsharp-libvips-darwin-arm64 set size:83997 disposed:false
362 silly fetch manifest cookie@^1.0.2
363 silly packumentCache full:https://registry.npmjs.org/cookie cache-miss
364 http fetch GET 200 https://registry.npmjs.org/@img%2fsharp-libvips-linux-arm64 317ms (cache revalidated)
365 silly packumentCache full:https://registry.npmjs.org/@img%2fsharp-libvips-linux-arm64 set size:87554 disposed:false
366 silly fetch manifest youch-core@^0.3.3
367 silly packumentCache full:https://registry.npmjs.org/youch-core cache-miss
368 http fetch GET 200 https://registry.npmjs.org/@img%2fsharp-libvips-linux-s390x 306ms (cache revalidated)
369 silly packumentCache full:https://registry.npmjs.org/@img%2fsharp-libvips-linux-s390x set size:81565 disposed:false
370 silly fetch manifest @poppinss/colors@^4.1.5
371 silly packumentCache full:https://registry.npmjs.org/@poppinss%2fcolors cache-miss
372 http fetch GET 200 https://registry.npmjs.org/@img%2fsharp-webcontainers-wasm32 308ms (cache revalidated)
373 silly packumentCache full:https://registry.npmjs.org/@img%2fsharp-webcontainers-wasm32 set size:41403 disposed:false
374 silly fetch manifest @poppinss/dumper@^0.6.4
375 silly packumentCache full:https://registry.npmjs.org/@poppinss%2fdumper cache-miss
376 http fetch GET 200 https://registry.npmjs.org/@img%2fsharp-libvips-linux-riscv64 306ms (cache revalidated)
377 silly packumentCache full:https://registry.npmjs.org/@img%2fsharp-libvips-linux-riscv64 set size:58803 disposed:false
378 silly fetch manifest @speed-highlight/core@^1.2.7
379 silly packumentCache full:https://registry.npmjs.org/@speed-highlight%2fcore cache-miss
380 http fetch GET 200 https://registry.npmjs.org/@img%2fsharp-libvips-linuxmusl-x64 293ms (cache revalidated)
381 silly packumentCache full:https://registry.npmjs.org/@img%2fsharp-libvips-linuxmusl-x64 set size:83650 disposed:false
382 http fetch GET 200 https://registry.npmjs.org/cookie 259ms (cache revalidated)
383 silly packumentCache full:https://registry.npmjs.org/cookie set size:78274 disposed:false
384 http fetch GET 200 https://registry.npmjs.org/youch-core 270ms (cache revalidated)
385 silly packumentCache full:https://registry.npmjs.org/youch-core set size:45040 disposed:false
386 http fetch GET 200 https://registry.npmjs.org/@img%2fsharp-libvips-linuxmusl-arm64 316ms (cache revalidated)
387 silly packumentCache full:https://registry.npmjs.org/@img%2fsharp-libvips-linuxmusl-arm64 set size:86720 disposed:false
388 http fetch GET 200 https://registry.npmjs.org/@poppinss%2fcolors 290ms (cache revalidated)
389 silly packumentCache full:https://registry.npmjs.org/@poppinss%2fcolors set size:139208 disposed:false
390 http fetch GET 200 https://registry.npmjs.org/@speed-highlight%2fcore 273ms (cache revalidated)
391 silly packumentCache full:https://registry.npmjs.org/@speed-highlight%2fcore set size:99664 disposed:false
392 http fetch GET 200 https://registry.npmjs.org/@poppinss%2fdumper 645ms (cache revalidated)
393 silly packumentCache full:https://registry.npmjs.org/@poppinss%2fdumper set size:90076 disposed:false
394 silly placeDep ROOT @jridgewell/trace-mapping@0.3.9 OK for: @cspotcode/source-map-support@0.8.1 want: 0.3.9
395 silly fetch manifest @jridgewell/resolve-uri@^3.0.3
396 silly packumentCache full:https://registry.npmjs.org/@jridgewell%2fresolve-uri cache-miss
397 silly fetch manifest @jridgewell/sourcemap-codec@^1.4.10
398 silly packumentCache full:https://registry.npmjs.org/@jridgewell%2fsourcemap-codec cache-miss
399 http fetch GET 200 https://registry.npmjs.org/@jridgewell%2fsourcemap-codec 237ms (cache revalidated)
400 silly packumentCache full:https://registry.npmjs.org/@jridgewell%2fsourcemap-codec set size:51856 disposed:false
401 http fetch GET 200 https://registry.npmjs.org/@jridgewell%2fresolve-uri 260ms (cache revalidated)
402 silly packumentCache full:https://registry.npmjs.org/@jridgewell%2fresolve-uri set size:57361 disposed:false
403 silly placeDep ROOT @jridgewell/resolve-uri@3.1.2 OK for: @jridgewell/trace-mapping@0.3.9 want: ^3.0.3
404 silly placeDep ROOT @jridgewell/sourcemap-codec@1.5.5 OK for: @jridgewell/trace-mapping@0.3.9 want: ^1.4.10
405 silly placeDep ROOT @img/colour@1.1.0 OK for: sharp@0.35.2 want: ^1.1.0
406 silly placeDep ROOT @img/sharp-darwin-arm64@0.35.2 OK for: sharp@0.35.2 want: 0.35.2
407 silly placeDep ROOT @img/sharp-darwin-x64@0.35.2 OK for: sharp@0.35.2 want: 0.35.2
408 silly placeDep ROOT @img/sharp-freebsd-wasm32@0.35.2 OK for: sharp@0.35.2 want: 0.35.2
409 silly placeDep ROOT @img/sharp-libvips-darwin-arm64@1.3.1 OK for: sharp@0.35.2 want: 1.3.1
410 silly placeDep ROOT @img/sharp-libvips-darwin-x64@1.3.1 OK for: sharp@0.35.2 want: 1.3.1
411 silly placeDep ROOT @img/sharp-libvips-linux-arm@1.3.1 OK for: sharp@0.35.2 want: 1.3.1
412 silly placeDep ROOT @img/sharp-libvips-linux-arm64@1.3.1 OK for: sharp@0.35.2 want: 1.3.1
413 silly placeDep ROOT @img/sharp-libvips-linux-ppc64@1.3.1 OK for: sharp@0.35.2 want: 1.3.1
414 silly placeDep ROOT @img/sharp-libvips-linux-riscv64@1.3.1 OK for: sharp@0.35.2 want: 1.3.1
415 silly placeDep ROOT @img/sharp-libvips-linux-s390x@1.3.1 OK for: sharp@0.35.2 want: 1.3.1
416 silly placeDep ROOT @img/sharp-libvips-linux-x64@1.3.1 OK for: sharp@0.35.2 want: 1.3.1
417 silly placeDep ROOT @img/sharp-libvips-linuxmusl-arm64@1.3.1 OK for: sharp@0.35.2 want: 1.3.1
418 silly placeDep ROOT @img/sharp-libvips-linuxmusl-x64@1.3.1 OK for: sharp@0.35.2 want: 1.3.1
419 silly placeDep ROOT @img/sharp-linux-arm@0.35.2 OK for: sharp@0.35.2 want: 0.35.2
420 silly placeDep ROOT @img/sharp-linux-arm64@0.35.2 OK for: sharp@0.35.2 want: 0.35.2
421 silly placeDep ROOT @img/sharp-linux-ppc64@0.35.2 OK for: sharp@0.35.2 want: 0.35.2
422 silly placeDep ROOT @img/sharp-linux-riscv64@0.35.2 OK for: sharp@0.35.2 want: 0.35.2
423 silly placeDep ROOT @img/sharp-linux-s390x@0.35.2 OK for: sharp@0.35.2 want: 0.35.2
424 silly placeDep ROOT @img/sharp-linux-x64@0.35.2 OK for: sharp@0.35.2 want: 0.35.2
425 silly placeDep ROOT @img/sharp-linuxmusl-arm64@0.35.2 OK for: sharp@0.35.2 want: 0.35.2
426 silly placeDep ROOT @img/sharp-linuxmusl-x64@0.35.2 OK for: sharp@0.35.2 want: 0.35.2
427 silly placeDep ROOT @img/sharp-webcontainers-wasm32@0.35.2 OK for: sharp@0.35.2 want: 0.35.2
428 silly placeDep ROOT @img/sharp-win32-arm64@0.35.2 OK for: sharp@0.35.2 want: 0.35.2
429 silly placeDep ROOT @img/sharp-win32-ia32@0.35.2 OK for: sharp@0.35.2 want: 0.35.2
430 silly placeDep ROOT @img/sharp-win32-x64@0.35.2 OK for: sharp@0.35.2 want: 0.35.2
431 silly placeDep ROOT detect-libc@2.1.2 OK for: sharp@0.35.2 want: ^2.1.2
432 silly placeDep ROOT semver@7.8.5 OK for: sharp@0.35.2 want: ^7.8.4
433 silly fetch manifest @img/sharp-wasm32@0.35.2
434 silly packumentCache full:https://registry.npmjs.org/@img%2fsharp-wasm32 cache-miss
435 silly fetch manifest @img/sharp-wasm32@0.35.2
436 silly packumentCache full:https://registry.npmjs.org/@img%2fsharp-wasm32 cache-miss
437 http fetch GET 200 https://registry.npmjs.org/@img%2fsharp-wasm32 212ms (cache revalidated)
438 silly packumentCache full:https://registry.npmjs.org/@img%2fsharp-wasm32 set size:99309 disposed:false
439 http fetch GET 200 https://registry.npmjs.org/@img%2fsharp-wasm32 222ms (cache revalidated)
440 silly packumentCache full:https://registry.npmjs.org/@img%2fsharp-wasm32 set size:99309 disposed:false
441 silly packumentCache full:https://registry.npmjs.org/@img%2fsharp-wasm32 dispose
442 silly placeDep ROOT @img/sharp-wasm32@0.35.2 OK for: @img/sharp-freebsd-wasm32@0.35.2 want: 0.35.2
443 silly fetch manifest @emnapi/runtime@^1.11.1
444 silly packumentCache full:https://registry.npmjs.org/@emnapi%2fruntime cache-miss
445 http fetch GET 200 https://registry.npmjs.org/@emnapi%2fruntime 230ms (cache revalidated)
446 silly packumentCache full:https://registry.npmjs.org/@emnapi%2fruntime set size:122916 disposed:false
447 silly placeDep ROOT @emnapi/runtime@1.11.3 OK for: @img/sharp-wasm32@0.35.2 want: ^1.11.1
448 silly fetch manifest tslib@^2.4.0
449 silly packumentCache full:https://registry.npmjs.org/tslib cache-miss
450 http fetch GET 200 https://registry.npmjs.org/tslib 187ms (cache revalidated)
451 silly packumentCache full:https://registry.npmjs.org/tslib set size:108843 disposed:false
452 silly placeDep ROOT tslib@2.8.1 OK for: @emnapi/runtime@1.11.3 want: ^2.4.0
453 silly placeDep ROOT pathe@2.0.3 OK for: unenv@2.0.0-rc.24 want: ^2.0.3
454 silly placeDep ROOT @cloudflare/workerd-darwin-64@1.20260801.1 OK for: workerd@1.20260801.1 want: 1.20260801.1
455 silly placeDep ROOT @cloudflare/workerd-darwin-arm64@1.20260801.1 OK for: workerd@1.20260801.1 want: 1.20260801.1
456 silly placeDep ROOT @cloudflare/workerd-linux-64@1.20260801.1 OK for: workerd@1.20260801.1 want: 1.20260801.1
457 silly placeDep ROOT @cloudflare/workerd-linux-arm64@1.20260801.1 OK for: workerd@1.20260801.1 want: 1.20260801.1
458 silly placeDep ROOT @cloudflare/workerd-windows-64@1.20260801.1 OK for: workerd@1.20260801.1 want: 1.20260801.1
459 silly placeDep ROOT @poppinss/colors@4.1.6 OK for: youch@4.1.0-beta.10 want: ^4.1.5
460 silly placeDep ROOT @poppinss/dumper@0.6.5 OK for: youch@4.1.0-beta.10 want: ^0.6.4
461 silly placeDep ROOT @speed-highlight/core@1.2.23 OK for: youch@4.1.0-beta.10 want: ^1.2.7
462 silly placeDep ROOT cookie@1.1.1 OK for: youch@4.1.0-beta.10 want: ^1.0.2
463 silly placeDep ROOT youch-core@0.3.3 OK for: youch@4.1.0-beta.10 want: ^0.3.3
464 silly fetch manifest kleur@^4.1.5
465 silly packumentCache full:https://registry.npmjs.org/kleur cache-miss
466 silly fetch manifest supports-color@^10.0.0
467 silly packumentCache full:https://registry.npmjs.org/supports-color cache-miss
468 silly fetch manifest @sindresorhus/is@^7.0.2
469 silly packumentCache full:https://registry.npmjs.org/@sindresorhus%2fis cache-miss
470 silly fetch manifest @poppinss/exception@^1.2.2
471 silly packumentCache full:https://registry.npmjs.org/@poppinss%2fexception cache-miss
472 silly fetch manifest error-stack-parser-es@^1.0.5
473 silly packumentCache full:https://registry.npmjs.org/error-stack-parser-es cache-miss
474 http fetch GET 200 https://registry.npmjs.org/error-stack-parser-es 207ms (cache revalidated)
475 silly packumentCache full:https://registry.npmjs.org/error-stack-parser-es set size:24410 disposed:false
476 http fetch GET 200 https://registry.npmjs.org/kleur 225ms (cache revalidated)
477 silly packumentCache full:https://registry.npmjs.org/kleur set size:61853 disposed:false
478 http fetch GET 200 https://registry.npmjs.org/supports-color 241ms (cache revalidated)
479 silly packumentCache full:https://registry.npmjs.org/supports-color set size:124169 disposed:false
480 http fetch GET 200 https://registry.npmjs.org/@sindresorhus%2fis 255ms (cache revalidated)
481 silly packumentCache full:https://registry.npmjs.org/@sindresorhus%2fis set size:202184 disposed:false
482 http fetch GET 200 https://registry.npmjs.org/@poppinss%2fexception 360ms (cache revalidated)
483 silly packumentCache full:https://registry.npmjs.org/@poppinss%2fexception set size:19704 disposed:false
484 silly placeDep ROOT kleur@4.1.5 OK for: @poppinss/colors@4.1.6 want: ^4.1.5
485 silly placeDep ROOT @sindresorhus/is@7.2.0 OK for: @poppinss/dumper@0.6.5 want: ^7.0.2
486 silly placeDep ROOT supports-color@10.2.2 OK for: @poppinss/dumper@0.6.5 want: ^10.0.0
487 silly placeDep ROOT @poppinss/exception@1.2.3 OK for: youch-core@0.3.3 want: ^1.2.2
488 silly placeDep ROOT error-stack-parser-es@1.0.5 OK for: youch-core@0.3.3 want: ^1.0.5
489 silly reify moves {}
490 silly audit bulk request {
490 silly audit   wrangler: [ '4.120.0' ],
490 silly audit   '@cloudflare/kv-asset-handler': [ '0.5.0' ],
490 silly audit   '@cloudflare/unenv-preset': [ '2.16.1' ],
490 silly audit   unenv: [ '2.0.0-rc.24' ],
490 silly audit   'blake3-wasm': [ '2.1.5' ],
490 silly audit   esbuild: [ '0.28.1' ],
490 silly audit   fsevents: [ '2.3.3' ],
490 silly audit   miniflare: [ '5.20260801.1-alpha' ],
490 silly audit   'path-to-regexp': [ '6.3.0' ],
490 silly audit   workerd: [ '1.20260801.1' ],
490 silly audit   '@esbuild/aix-ppc64': [ '0.28.1' ],
490 silly audit   '@esbuild/android-arm': [ '0.28.1' ],
490 silly audit   '@esbuild/android-arm64': [ '0.28.1' ],
490 silly audit   '@esbuild/android-x64': [ '0.28.1' ],
490 silly audit   '@esbuild/darwin-arm64': [ '0.28.1' ],
490 silly audit   '@esbuild/darwin-x64': [ '0.28.1' ],
490 silly audit   '@esbuild/freebsd-arm64': [ '0.28.1' ],
490 silly audit   '@esbuild/freebsd-x64': [ '0.28.1' ],
490 silly audit   '@esbuild/linux-arm': [ '0.28.1' ],
490 silly audit   '@esbuild/linux-arm64': [ '0.28.1' ],
490 silly audit   '@esbuild/linux-ia32': [ '0.28.1' ],
490 silly audit   '@esbuild/linux-loong64': [ '0.28.1' ],
490 silly audit   '@esbuild/linux-mips64el': [ '0.28.1' ],
490 silly audit   '@esbuild/linux-ppc64': [ '0.28.1' ],
490 silly audit   '@esbuild/linux-riscv64': [ '0.28.1' ],
490 silly audit   '@esbuild/linux-s390x': [ '0.28.1' ],
490 silly audit   '@esbuild/linux-x64': [ '0.28.1' ],
490 silly audit   '@esbuild/netbsd-arm64': [ '0.28.1' ],
490 silly audit   '@esbuild/netbsd-x64': [ '0.28.1' ],
490 silly audit   '@esbuild/openbsd-arm64': [ '0.28.1' ],
490 silly audit   '@esbuild/openbsd-x64': [ '0.28.1' ],
490 silly audit   '@esbuild/openharmony-arm64': [ '0.28.1' ],
490 silly audit   '@esbuild/sunos-x64': [ '0.28.1' ],
490 silly audit   '@esbuild/win32-arm64': [ '0.28.1' ],
490 silly audit   '@esbuild/win32-ia32': [ '0.28.1' ],
490 silly audit   '@esbuild/win32-x64': [ '0.28.1' ],
490 silly audit   '@cspotcode/source-map-support': [ '0.8.1' ],
490 silly audit   sharp: [ '0.35.2' ],
490 silly audit   undici: [ '7.29.0' ],
490 silly audit   ws: [ '8.21.0' ],
490 silly audit   youch: [ '4.1.0-beta.10' ],
490 silly audit   '@jridgewell/trace-mapping': [ '0.3.9' ],
490 silly audit   '@jridgewell/resolve-uri': [ '3.1.2' ],
490 silly audit   '@jridgewell/sourcemap-codec': [ '1.5.5' ],
490 silly audit   '@img/colour': [ '1.1.0' ],
490 silly audit   '@img/sharp-darwin-arm64': [ '0.35.2' ],
490 silly audit   '@img/sharp-darwin-x64': [ '0.35.2' ],
490 silly audit   '@img/sharp-freebsd-wasm32': [ '0.35.2' ],
490 silly audit   '@img/sharp-libvips-darwin-arm64': [ '1.3.1' ],
490 silly audit   '@img/sharp-libvips-darwin-x64': [ '1.3.1' ],
490 silly audit   '@img/sharp-libvips-linux-arm': [ '1.3.1' ],
490 silly audit   '@img/sharp-libvips-linux-arm64': [ '1.3.1' ],
490 silly audit   '@img/sharp-libvips-linux-ppc64': [ '1.3.1' ],
490 silly audit   '@img/sharp-libvips-linux-riscv64': [ '1.3.1' ],
490 silly audit   '@img/sharp-libvips-linux-s390x': [ '1.3.1' ],
490 silly audit   '@img/sharp-libvips-linux-x64': [ '1.3.1' ],
490 silly audit   '@img/sharp-libvips-linuxmusl-arm64': [ '1.3.1' ],
490 silly audit   '@img/sharp-libvips-linuxmusl-x64': [ '1.3.1' ],
490 silly audit   '@img/sharp-linux-arm': [ '0.35.2' ],
490 silly audit   '@img/sharp-linux-arm64': [ '0.35.2' ],
490 silly audit   '@img/sharp-linux-ppc64': [ '0.35.2' ],
490 silly audit   '@img/sharp-linux-riscv64': [ '0.35.2' ],
490 silly audit   '@img/sharp-linux-s390x': [ '0.35.2' ],
490 silly audit   '@img/sharp-linux-x64': [ '0.35.2' ],
490 silly audit   '@img/sharp-linuxmusl-arm64': [ '0.35.2' ],
490 silly audit   '@img/sharp-linuxmusl-x64': [ '0.35.2' ],
490 silly audit   '@img/sharp-webcontainers-wasm32': [ '0.35.2' ],
490 silly audit   '@img/sharp-win32-arm64': [ '0.35.2' ],
490 silly audit   '@img/sharp-win32-ia32': [ '0.35.2' ],
490 silly audit   '@img/sharp-win32-x64': [ '0.35.2' ],
490 silly audit   'detect-libc': [ '2.1.2' ],
490 silly audit   semver: [ '7.8.5' ],
490 silly audit   '@img/sharp-wasm32': [ '0.35.2' ],
490 silly audit   '@emnapi/runtime': [ '1.11.3' ],
490 silly audit   tslib: [ '2.8.1' ],
490 silly audit   pathe: [ '2.0.3' ],
490 silly audit   '@cloudflare/workerd-darwin-64': [ '1.20260801.1' ],
490 silly audit   '@cloudflare/workerd-darwin-arm64': [ '1.20260801.1' ],
490 silly audit   '@cloudflare/workerd-linux-64': [ '1.20260801.1' ],
490 silly audit   '@cloudflare/workerd-linux-arm64': [ '1.20260801.1' ],
490 silly audit   '@cloudflare/workerd-windows-64': [ '1.20260801.1' ],
490 silly audit   '@poppinss/colors': [ '4.1.6' ],
490 silly audit   '@poppinss/dumper': [ '0.6.5' ],
490 silly audit   '@speed-highlight/core': [ '1.2.23' ],
490 silly audit   cookie: [ '1.1.1' ],
490 silly audit   'youch-core': [ '0.3.3' ],
490 silly audit   kleur: [ '4.1.5' ],
490 silly audit   '@sindresorhus/is': [ '7.2.0' ],
490 silly audit   'supports-color': [ '10.2.2' ],
490 silly audit   '@poppinss/exception': [ '1.2.3' ],
490 silly audit   'error-stack-parser-es': [ '1.0.5' ]
490 silly audit }
491 http cache error-stack-parser-es@https://registry.npmjs.org/error-stack-parser-es/-/error-stack-parser-es-1.0.5.tgz 0ms (cache hit)
492 http cache @poppinss/exception@https://registry.npmjs.org/@poppinss/exception/-/exception-1.2.3.tgz 0ms (cache hit)
493 http cache supports-color@https://registry.npmjs.org/supports-color/-/supports-color-10.2.2.tgz 0ms (cache hit)
494 http cache @sindresorhus/is@https://registry.npmjs.org/@sindresorhus/is/-/is-7.2.0.tgz 0ms (cache hit)
495 http cache kleur@https://registry.npmjs.org/kleur/-/kleur-4.1.5.tgz 0ms (cache hit)
496 http cache youch-core@https://registry.npmjs.org/youch-core/-/youch-core-0.3.3.tgz 0ms (cache hit)
497 http cache cookie@https://registry.npmjs.org/cookie/-/cookie-1.1.1.tgz 0ms (cache hit)
498 http cache @speed-highlight/core@https://registry.npmjs.org/@speed-highlight/core/-/core-1.2.23.tgz 0ms (cache hit)
499 http cache @poppinss/colors@https://registry.npmjs.org/@poppinss/colors/-/colors-4.1.6.tgz 0ms (cache hit)
500 http cache pathe@https://registry.npmjs.org/pathe/-/pathe-2.0.3.tgz 0ms (cache hit)
501 http cache @poppinss/dumper@https://registry.npmjs.org/@poppinss/dumper/-/dumper-0.6.5.tgz 0ms (cache hit)
502 http cache detect-libc@https://registry.npmjs.org/detect-libc/-/detect-libc-2.1.2.tgz 0ms (cache hit)
503 http cache semver@https://registry.npmjs.org/semver/-/semver-7.8.5.tgz 0ms (cache hit)
504 http cache @img/colour@https://registry.npmjs.org/@img/colour/-/colour-1.1.0.tgz 0ms (cache hit)
505 http cache @jridgewell/sourcemap-codec@https://registry.npmjs.org/@jridgewell/sourcemap-codec/-/sourcemap-codec-1.5.5.tgz 1ms (cache hit)
506 http cache @jridgewell/resolve-uri@https://registry.npmjs.org/@jridgewell/resolve-uri/-/resolve-uri-3.1.2.tgz 1ms (cache hit)
507 http cache @jridgewell/trace-mapping@https://registry.npmjs.org/@jridgewell/trace-mapping/-/trace-mapping-0.3.9.tgz 0ms (cache hit)
508 http cache youch@https://registry.npmjs.org/youch/-/youch-4.1.0-beta.10.tgz 0ms (cache hit)
509 http cache ws@https://registry.npmjs.org/ws/-/ws-8.21.0.tgz 0ms (cache hit)
510 http cache undici@https://registry.npmjs.org/undici/-/undici-7.29.0.tgz 0ms (cache hit)
511 http cache sharp@https://registry.npmjs.org/sharp/-/sharp-0.35.2.tgz 0ms (cache hit)
512 http cache @cspotcode/source-map-support@https://registry.npmjs.org/@cspotcode/source-map-support/-/source-map-support-0.8.1.tgz 0ms (cache hit)
513 http cache @esbuild/android-arm64@https://registry.npmjs.org/@esbuild/android-arm64/-/android-arm64-0.28.1.tgz 0ms (cache hit)
514 http cache workerd@https://registry.npmjs.org/workerd/-/workerd-1.20260801.1.tgz 0ms (cache hit)
515 http cache path-to-regexp@https://registry.npmjs.org/path-to-regexp/-/path-to-regexp-6.3.0.tgz 0ms (cache hit)
516 http cache miniflare@https://registry.npmjs.org/miniflare/-/miniflare-5.20260801.1-alpha.tgz 0ms (cache hit)
517 http cache esbuild@https://registry.npmjs.org/esbuild/-/esbuild-0.28.1.tgz 0ms (cache hit)
518 http cache blake3-wasm@https://registry.npmjs.org/blake3-wasm/-/blake3-wasm-2.1.5.tgz 0ms (cache hit)
519 http cache unenv@https://registry.npmjs.org/unenv/-/unenv-2.0.0-rc.24.tgz 0ms (cache hit)
520 http cache @cloudflare/unenv-preset@https://registry.npmjs.org/@cloudflare/unenv-preset/-/unenv-preset-2.16.1.tgz 0ms (cache hit)
521 http cache @cloudflare/kv-asset-handler@https://registry.npmjs.org/@cloudflare/kv-asset-handler/-/kv-asset-handler-0.5.0.tgz 0ms (cache hit)
522 http cache wrangler@https://registry.npmjs.org/wrangler/-/wrangler-4.120.0.tgz 1ms (cache hit)
523 http fetch POST 200 https://registry.npmjs.org/-/npm/v1/security/advisories/bulk 1165ms
524 silly audit report {}
525 info run esbuild@0.28.1 postinstall node_modules/esbuild node install.js
526 info run workerd@1.20260801.1 postinstall node_modules/workerd node install.js
527 info run workerd@1.20260801.1 postinstall { code: 1, signal: null }
528 silly unfinished npm timer reify 1786216768589
529 silly unfinished npm timer reify:build 1786216784927
530 silly unfinished npm timer build 1786216784929
531 silly unfinished npm timer build:deps 1786216784930
532 silly unfinished npm timer build:run:postinstall 1786216784973
533 silly unfinished npm timer build:run:postinstall:node_modules/esbuild 1786216784975
534 silly unfinished npm timer build:run:postinstall:node_modules/workerd 1786216785074
535 verbose cwd /data/data/com.termux/files/home/stakick-bot
536 verbose os Linux 5.15.178-android13-8-00009-g18a89f1307e2-ab13471816
537 verbose node v26.4.0
538 verbose npm  v11.19.0
539 verbose exit 1
540 verbose code 1
